// Jest Snapshot v1, https://goo.gl/fbAQLP

exports[`About should match snapshot 1`] = `
<section
  className="about-section"
>
  <section
    className="about-chelo"
  >
    <img
      alt="Consuelo posing outside holding her laptop in Denver Colorado"
      src="https://media.licdn.com/dms/image/C4D03AQFtPmb2kohgGg/profile-displayphoto-shrink_200_200/0?e=1580947200&v=beta&t=7E50_2FcNCJ7SCKrg9mirhuV29G66GYp_3ig201m5kE"
    />
    <section
      className="paragraph"
    >
      <h2>
         Hiya!
      </h2>
      <h2>
        I'm Consuelo.
      </h2>
      <article>
        <p>
           I am a Front-End Developer based in Denver, Colorado and willing to relocate.
        </p>
        <p>
           I have a passion for creating websites that are fun yet easy to use for users using React.
        </p>
        <p>
           Currently, the opportunities I am looking for are junior Front-End, internship, or apprenticeship positions.
        </p>
      </article>
    </section>
  </section>
  <section
    className="link-section"
  >
    <a
      href="https://www.linkedin.com/in/consuelo-sierra-lopez/"
    >
      <img
        alt="linkedin icon"
        className="link"
        src="https://www.freepngimg.com/download/social_media/74289-media-icons-computer-linkedin-social-free-transparent-image-hd.png"
      />
    </a>
    <a
      href="https://twitter.com/_consueloCodes5"
    >
      <img
        alt="twitter icon"
        className="link"
        src="https://icons-for-free.com/iconfiles/png/512/logo+twitter+twitter+logo+icon-1320167831451644641.png"
      />
    </a>
    <a
      href="https://github.com/"
    >
      <img
        alt="github icon"
        className="link"
        src="https://icon-library.net/images/github-icon-png/github-icon-png-22.jpg"
      />
    </a>
  </section>
</section>
`;
